{
  "source": "https://raw.githubusercontent.com/apache/parquet-testing/master/data/alltypes_plain.parquet",
  "filesize": 1851,
  "column_chunks": [
    {
      "path_in_schema": "id",
      "start_offset": 4,
      "total_byte_size": 73,
      "codec": 0,
      "num_values": 8,
      "data_pages": [
        {
          "page_type": 0,
          "start_offset": 49,
          "header_size": 17,
          "compressed_page_size": 11,
          "uncompressed_page_size": 11,
          "crc": null,
          "num_values": 8,
          "encoding": 2,
          "definition_level_encoding": 3,
          "repetition_level_encoding": 4,
          "statistics": null
        }
      ],
      "index_pages": [],
      "dictionary_page": {
        "page_type": 2,
        "start_offset": 4,
        "header_size": 13,
        "compressed_page_size": 32,
        "uncompressed_page_size": 32,
        "crc": null,
        "num_values": 8,
        "encoding": 2,
        "is_sorted": false
      },
      "page_index": null
    },
    {
      "path_in_schema": "bool_col",
      "start_offset": 109,
      "total_byte_size": 24,
      "codec": 0,
      "num_values": 8,
      "data_pages": [
        {
          "page_type": 0,
          "start_offset": 109,
          "header_size": 17,
          "compressed_page_size": 7,
          "uncompressed_page_size": 7,
          "crc": null,
          "num_values": 8,
          "encoding": 0,
          "definition_level_encoding": 3,
          "repetition_level_encoding": 4,
          "statistics": null
        }
      ],
      "index_pages": [],
      "dictionary_page": null,
      "page_index": null
    },
    {
      "path_in_schema": "tinyint_col",
      "start_offset": 168,
      "total_byte_size": 47,
      "codec": 0,
      "num_values": 8,
      "data_pages": [
        {
          "page_type": 0,
          "start_offset": 189,
          "header_size": 17,
          "compressed_page_size": 9,
          "uncompressed_page_size": 9,
          "crc": null,
          "num_values": 8,
          "encoding": 2,
          "definition_level_encoding": 3,
          "repetition_level_encoding": 4,
          "statistics": null
        }
      ],
      "index_pages": [],
      "dictionary_page": {
        "page_type": 2,
        "start_offset": 168,
        "header_size": 13,
        "compressed_page_size": 8,
        "uncompressed_page_size": 8,
        "crc": null,
        "num_values": 2,
        "encoding": 2,
        "is_sorted": false
      },
      "page_index": null
    },
    {
      "path_in_schema": "smallint_col",
      "start_offset": 256,
      "total_byte_size": 47,
      "codec": 0,
      "num_values": 8,
      "data_pages": [
        {
          "page_type": 0,
          "start_offset": 277,
          "header_size": 17,
          "compressed_page_size": 9,
          "uncompressed_page_size": 9,
          "crc": null,
          "num_values": 8,
          "encoding": 2,
          "definition_level_encoding": 3,
          "repetition_level_encoding": 4,
          "statistics": null
        }
      ],
      "index_pages": [],
      "dictionary_page": {
        "page_type": 2,
        "start_offset": 256,
        "header_size": 13,
        "compressed_page_size": 8,
        "uncompressed_page_size": 8,
        "crc": null,
        "num_values": 2,
        "encoding": 2,
        "is_sorted": false
      },
      "page_index": null
    },
    {
      "path_in_schema": "int_col",
      "start_offset": 345,
      "total_byte_size": 47,
      "codec": 0,
      "num_values": 8,
      "data_pages": [
        {
          "page_type": 0,
          "start_offset": 366,
          "header_size": 17,
          "compressed_page_size": 9,
          "uncompressed_page_size": 9,
          "crc": null,
          "num_values": 8,
          "encoding": 2,
          "definition_level_encoding": 3,
          "repetition_level_encoding": 4,
          "statistics": null
        }
      ],
      "index_pages": [],
      "dictionary_page": {
        "page_type": 2,
        "start_offset": 345,
        "header_size": 13,
        "compressed_page_size": 8,
        "uncompressed_page_size": 8,
        "crc": null,
        "num_values": 2,
        "encoding": 2,
        "is_sorted": false
      },
      "page_index": null
    },
    {
      "path_in_schema": "bigint_col",
      "start_offset": 429,
      "total_byte_size": 55,
      "codec": 0,
      "num_values": 8,
      "data_pages": [
        {
          "page_type": 0,
          "start_offset": 458,
          "header_size": 17,
          "compressed_page_size": 9,
          "uncompressed_page_size": 9,
          "crc": null,
          "num_values": 8,
          "encoding": 2,
          "definition_level_encoding": 3,
          "repetition_level_encoding": 4,
          "statistics": null
        }
      ],
      "index_pages": [],
      "dictionary_page": {
        "page_type": 2,
        "start_offset": 429,
        "header_size": 13,
        "compressed_page_size": 16,
        "uncompressed_page_size": 16,
        "crc": null,
        "num_values": 2,
        "encoding": 2,
        "is_sorted": false
      },
      "page_index": null
    },
    {
      "path_in_schema": "float_col",
      "start_offset": 524,
      "total_byte_size": 47,
      "codec": 0,
      "num_values": 8,
      "data_pages": [
        {
          "page_type": 0,
          "start_offset": 545,
          "header_size": 17,
          "compressed_page_size": 9,
          "uncompressed_page_size": 9,
          "crc": null,
          "num_values": 8,
          "encoding": 2,
          "definition_level_encoding": 3,
          "repetition_level_encoding": 4,
          "statistics": null
        }
      ],
      "index_pages": [],
      "dictionary_page": {
        "page_type": 2,
        "start_offset": 524,
        "header_size": 13,
        "compressed_page_size": 8,
        "uncompressed_page_size": 8,
        "crc": null,
        "num_values": 2,
        "encoding": 2,
        "is_sorted": false
      },
      "page_index": null
    },
    {
      "path_in_schema": "double_col",
      "start_offset": 610,
      "total_byte_size": 55,
      "codec": 0,
      "num_values": 8,
      "data_pages": [
        {
          "page_type": 0,
          "start_offset": 639,
          "header_size": 17,
          "compressed_page_size": 9,
          "uncompressed_page_size": 9,
          "crc": null,
          "num_values": 8,
          "encoding": 2,
          "definition_level_encoding": 3,
          "repetition_level_encoding": 4,
          "statistics": null
        }
      ],
      "index_pages": [],
      "dictionary_page": {
        "page_type": 2,
        "start_offset": 610,
        "header_size": 13,
        "compressed_page_size": 16,
        "uncompressed_page_size": 16,
        "crc": null,
        "num_values": 2,
        "encoding": 2,
        "is_sorted": false
      },
      "page_index": null
    },
    {
      "path_in_schema": "date_string_col",
      "start_offset": 705,
      "total_byte_size": 88,
      "codec": 0,
      "num_values": 8,
      "data_pages": [
        {
          "page_type": 0,
          "start_offset": 766,
          "header_size": 17,
          "compressed_page_size": 10,
          "uncompressed_page_size": 10,
          "crc": null,
          "num_values": 8,
          "encoding": 2,
          "definition_level_encoding": 3,
          "repetition_level_encoding": 4,
          "statistics": null
        }
      ],
      "index_pages": [],
      "dictionary_page": {
        "page_type": 2,
        "start_offset": 705,
        "header_size": 13,
        "compressed_page_size": 48,
        "uncompressed_page_size": 48,
        "crc": null,
        "num_values": 4,
        "encoding": 2,
        "is_sorted": false
      },
      "page_index": null
    },
    {
      "path_in_schema": "string_col",
      "start_offset": 840,
      "total_byte_size": 49,
      "codec": 0,
      "num_values": 8,
      "data_pages": [
        {
          "page_type": 0,
          "start_offset": 863,
          "header_size": 17,
          "compressed_page_size": 9,
          "uncompressed_page_size": 9,
          "crc": null,
          "num_values": 8,
          "encoding": 2,
          "definition_level_encoding": 3,
          "repetition_level_encoding": 4,
          "statistics": null
        }
      ],
      "index_pages": [],
      "dictionary_page": {
        "page_type": 2,
        "start_offset": 840,
        "header_size": 13,
        "compressed_page_size": 10,
        "uncompressed_page_size": 10,
        "crc": null,
        "num_values": 2,
        "encoding": 2,
        "is_sorted": false
      },
      "page_index": null
    },
    {
      "path_in_schema": "timestamp_col",
      "start_offset": 929,
      "total_byte_size": 139,
      "codec": 0,
      "num_values": 8,
      "data_pages": [
        {
          "page_type": 0,
          "start_offset": 1040,
          "header_size": 17,
          "compressed_page_size": 11,
          "uncompressed_page_size": 11,
          "crc": null,
          "num_values": 8,
          "encoding": 2,
          "definition_level_encoding": 3,
          "repetition_level_encoding": 4,
          "statistics": null
        }
      ],
      "index_pages": [],
      "dictionary_page": {
        "page_type": 2,
        "start_offset": 929,
        "header_size": 15,
        "compressed_page_size": 96,
        "uncompressed_page_size": 96,
        "crc": null,
        "num_values": 8,
        "encoding": 2,
        "is_sorted": false
      },
      "page_index": null
    }
  ],
  "metadata": {
    "start_offset": 1113,
    "total_byte_size": 730,
    "metadata": {
      "version": 1,
      "schema": {
        "element_type": "root",
        "name": "schema",
        "num_children": 11,
        "children": {
          "id": {
            "element_type": "column",
            "name": "id",
            "type": 1,
            "repetition": 1,
            "converted_type": null,
            "type_length": null,
            "scale": null,
            "precision": null,
            "field_id": 4,
            "logical_type": null
          },
          "bool_col": {
            "element_type": "column",
            "name": "bool_col",
            "type": 0,
            "repetition": 1,
            "converted_type": null,
            "type_length": null,
            "scale": null,
            "precision": null,
            "field_id": 4,
            "logical_type": null
          },
          "tinyint_col": {
            "element_type": "column",
            "name": "tinyint_col",
            "type": 1,
            "repetition": 1,
            "converted_type": null,
            "type_length": null,
            "scale": null,
            "precision": null,
            "field_id": 4,
            "logical_type": null
          },
          "smallint_col": {
            "element_type": "column",
            "name": "smallint_col",
            "type": 1,
            "repetition": 1,
            "converted_type": null,
            "type_length": null,
            "scale": null,
            "precision": null,
            "field_id": 4,
            "logical_type": null
          },
          "int_col": {
            "element_type": "column",
            "name": "int_col",
            "type": 1,
            "repetition": 1,
            "converted_type": null,
            "type_length": null,
            "scale": null,
            "precision": null,
            "field_id": 4,
            "logical_type": null
          },
          "bigint_col": {
            "element_type": "column",
            "name": "bigint_col",
            "type": 2,
            "repetition": 1,
            "converted_type": null,
            "type_length": null,
            "scale": null,
            "precision": null,
            "field_id": 4,
            "logical_type": null
          },
          "float_col": {
            "element_type": "column",
            "name": "float_col",
            "type": 4,
            "repetition": 1,
            "converted_type": null,
            "type_length": null,
            "scale": null,
            "precision": null,
            "field_id": 4,
            "logical_type": null
          },
          "double_col": {
            "element_type": "column",
            "name": "double_col",
            "type": 5,
            "repetition": 1,
            "converted_type": null,
            "type_length": null,
            "scale": null,
            "precision": null,
            "field_id": 4,
            "logical_type": null
          },
          "date_string_col": {
            "element_type": "column",
            "name": "date_string_col",
            "type": 6,
            "repetition": 1,
            "converted_type": null,
            "type_length": null,
            "scale": null,
            "precision": null,
            "field_id": 4,
            "logical_type": null
          },
          "string_col": {
            "element_type": "column",
            "name": "string_col",
            "type": 6,
            "repetition": 1,
            "converted_type": null,
            "type_length": null,
            "scale": null,
            "precision": null,
            "field_id": 4,
            "logical_type": null
          },
          "timestamp_col": {
            "element_type": "column",
            "name": "timestamp_col",
            "type": 3,
            "repetition": 1,
            "converted_type": null,
            "type_length": null,
            "scale": null,
            "precision": null,
            "field_id": 4,
            "logical_type": null
          }
        }
      },
      "row_groups": [
        {
          "column_chunks": {
            "id": {
              "file_offset": 77,
              "metadata": {
                "type": 1,
                "encodings": [
                  3,
                  2,
                  0
                ],
                "path_in_schema": "id",
                "codec": 0,
                "num_values": 8,
                "total_uncompressed_size": 73,
                "total_compressed_size": 73,
                "data_page_offset": 49,
                "dictionary_page_offset": 4,
                "index_page_offset": null,
                "statistics": null,
                "column_index_offset": null,
                "column_index_length": null,
                "column_index": null,
                "offset_index": null
              },
              "file_path": null
            },
            "bool_col": {
              "file_offset": 133,
              "metadata": {
                "type": 0,
                "encodings": [
                  3,
                  2,
                  0
                ],
                "path_in_schema": "bool_col",
                "codec": 0,
                "num_values": 8,
                "total_uncompressed_size": 24,
                "total_compressed_size": 24,
                "data_page_offset": 109,
                "dictionary_page_offset": null,
                "index_page_offset": null,
                "statistics": null,
                "column_index_offset": null,
                "column_index_length": null,
                "column_index": null,
                "offset_index": null
              },
              "file_path": null
            },
            "tinyint_col": {
              "file_offset": 215,
              "metadata": {
                "type": 1,
                "encodings": [
                  3,
                  2,
                  0
                ],
                "path_in_schema": "tinyint_col",
                "codec": 0,
                "num_values": 8,
                "total_uncompressed_size": 47,
                "total_compressed_size": 47,
                "data_page_offset": 189,
                "dictionary_page_offset": 168,
                "index_page_offset": null,
                "statistics": null,
                "column_index_offset": null,
                "column_index_length": null,
                "column_index": null,
                "offset_index": null
              },
              "file_path": null
            },
            "smallint_col": {
              "file_offset": 303,
              "metadata": {
                "type": 1,
                "encodings": [
                  3,
                  2,
                  0
                ],
                "path_in_schema": "smallint_col",
                "codec": 0,
                "num_values": 8,
                "total_uncompressed_size": 47,
                "total_compressed_size": 47,
                "data_page_offset": 277,
                "dictionary_page_offset": 256,
                "index_page_offset": null,
                "statistics": null,
                "column_index_offset": null,
                "column_index_length": null,
                "column_index": null,
                "offset_index": null
              },
              "file_path": null
            },
            "int_col": {
              "file_offset": 392,
              "metadata": {
                "type": 1,
                "encodings": [
                  3,
                  2,
                  0
                ],
                "path_in_schema": "int_col",
                "codec": 0,
                "num_values": 8,
                "total_uncompressed_size": 47,
                "total_compressed_size": 47,
                "data_page_offset": 366,
                "dictionary_page_offset": 345,
                "index_page_offset": null,
                "statistics": null,
                "column_index_offset": null,
                "column_index_length": null,
                "column_index": null,
                "offset_index": null
              },
              "file_path": null
            },
            "bigint_col": {
              "file_offset": 484,
              "metadata": {
                "type": 2,
                "encodings": [
                  3,
                  2,
                  0
                ],
                "path_in_schema": "bigint_col",
                "codec": 0,
                "num_values": 8,
                "total_uncompressed_size": 55,
                "total_compressed_size": 55,
                "data_page_offset": 458,
                "dictionary_page_offset": 429,
                "index_page_offset": null,
                "statistics": null,
                "column_index_offset": null,
                "column_index_length": null,
                "column_index": null,
                "offset_index": null
              },
              "file_path": null
            },
            "float_col": {
              "file_offset": 571,
              "metadata": {
                "type": 4,
                "encodings": [
                  3,
                  2,
                  0
                ],
                "path_in_schema": "float_col",
                "codec": 0,
                "num_values": 8,
                "total_uncompressed_size": 47,
                "total_compressed_size": 47,
                "data_page_offset": 545,
                "dictionary_page_offset": 524,
                "index_page_offset": null,
                "statistics": null,
                "column_index_offset": null,
                "column_index_length": null,
                "column_index": null,
                "offset_index": null
              },
              "file_path": null
            },
            "double_col": {
              "file_offset": 665,
              "metadata": {
                "type": 5,
                "encodings": [
                  3,
                  2,
                  0
                ],
                "path_in_schema": "double_col",
                "codec": 0,
                "num_values": 8,
                "total_uncompressed_size": 55,
                "total_compressed_size": 55,
                "data_page_offset": 639,
                "dictionary_page_offset": 610,
                "index_page_offset": null,
                "statistics": null,
                "column_index_offset": null,
                "column_index_length": null,
                "column_index": null,
                "offset_index": null
              },
              "file_path": null
            },
            "date_string_col": {
              "file_offset": 793,
              "metadata": {
                "type": 6,
                "encodings": [
                  3,
                  2,
                  0
                ],
                "path_in_schema": "date_string_col",
                "codec": 0,
                "num_values": 8,
                "total_uncompressed_size": 88,
                "total_compressed_size": 88,
                "data_page_offset": 766,
                "dictionary_page_offset": 705,
                "index_page_offset": null,
                "statistics": null,
                "column_index_offset": null,
                "column_index_length": null,
                "column_index": null,
                "offset_index": null
              },
              "file_path": null
            },
            "string_col": {
              "file_offset": 889,
              "metadata": {
                "type": 6,
                "encodings": [
                  3,
                  2,
                  0
                ],
                "path_in_schema": "string_col",
                "codec": 0,
                "num_values": 8,
                "total_uncompressed_size": 49,
                "total_compressed_size": 49,
                "data_page_offset": 863,
                "dictionary_page_offset": 840,
                "index_page_offset": null,
                "statistics": null,
                "column_index_offset": null,
                "column_index_length": null,
                "column_index": null,
                "offset_index": null
              },
              "file_path": null
            },
            "timestamp_col": {
              "file_offset": 1068,
              "metadata": {
                "type": 3,
                "encodings": [
                  3,
                  2,
                  0
                ],
                "path_in_schema": "timestamp_col",
                "codec": 0,
                "num_values": 8,
                "total_uncompressed_size": 139,
                "total_compressed_size": 139,
                "data_page_offset": 1040,
                "dictionary_page_offset": 929,
                "index_page_offset": null,
                "statistics": null,
                "column_index_offset": null,
                "column_index_length": null,
                "column_index": null,
                "offset_index": null
              },
              "file_path": null
            }
          },
          "total_byte_size": 671,
          "row_count": 8
        }
      ],
      "created_by": "impala version 1.3.0-INTERNAL (build 8a48ddb1eff84592b3fc06bc6f51ec120e1fffc9)",
      "key_value_metadata": {}
    }
  },
  "magic_header": "PAR1",
  "magic_footer": "PAR1",
  "_meta": {
    "format_version": 0
  }
}