    Will create a rectangular periodic cell containing the following molecules:

        +-------------+------------------+---------+
        |  Component  | Structure        |   Ratio |
        |-------------+------------------+---------|
        |   solute    | c1ccccc1c2ccccc2 |         |
        |    fluid    | O                |       1 |
        +-------------+------------------+---------+

    The dimensions of the region will be given explicitly by the three sides
    10.0 Å x20.0 Å x30.0 Å. The number of molecules of the fluid will be
    obtained by rounding 1000 atoms to give a whole number of molecules with the
    requested ratios.

Created a periodic 10.00 x 20.00 x 30.00 Å cell with the solute and 326.0 solvent molecules

    +-------------+------------------+---------------+----------+------------+
    |  Component  | Structure        |   Requested % |   Number | Actual %   |
    |-------------+------------------+---------------+----------+------------|
    |   solute    | c1ccccc1c2ccccc2 |               |        1 |            |
    |    fluid    | O                |       100.000 |      326 | 100.000    |
    +-------------+------------------+---------------+----------+------------+

There are a total of 1000 atoms in the cell giving a density of 2.4823 g/ml.