    Will create a cubic region containing the following molecules:

        +-------------+-------------+---------+
        |  Component  | Structure   |   Ratio |
        |-------------+-------------+---------|
        |    fluid    | c1ccccc1    |       1 |
        |    fluid    | O           |       3 |
        +-------------+-------------+---------+

    The dimensions of the region will be calculated from the volume 10.0 nm³.
    The number of molecules of the fluid will be obtained  by using the density
    0.9 g/ml.

Created a cubic region 21.54 Å on a side with 164 fluid molecules

    +-------------+-------------+---------------+----------+------------+
    |  Component  | Structure   |   Requested % |   Number |   Actual % |
    |-------------+-------------+---------------+----------+------------|
    |    fluid    | c1ccccc1    |            25 |       41 |         25 |
    |    fluid    | O           |            75 |      123 |         75 |
    +-------------+-------------+---------------+----------+------------+

There are a total of 861 atoms in the cell giving a density of 0.89976 g/ml.